\BOOKMARK [1][-]{section.1}{\376\377\000I\000n\000t\000r\000o\000d\000u\000c\000t\000i\000o\000n}{}% 1
\BOOKMARK [1][-]{section.2}{\376\377\000P\000r\000e\000r\000e\000q\000u\000i\000s\000i\000t\000e\000s\000\040\000a\000n\000d\000\040\000S\000e\000t\000u\000p}{}% 2
\BOOKMARK [2][-]{subsection.2.1}{\376\377\000S\000o\000f\000t\000w\000a\000r\000e}{section.2}% 3
\BOOKMARK [2][-]{subsection.2.2}{\376\377\000E\000n\000v\000i\000r\000o\000n\000m\000e\000n\000t\000\040\000C\000h\000e\000c\000k}{section.2}% 4
\BOOKMARK [2][-]{subsection.2.3}{\376\377\000C\000o\000n\000f\000i\000g\000u\000r\000i\000n\000g\000\040\000x\000s\000c\000h\000e\000m\000r\000c}{section.2}% 5
\BOOKMARK [2][-]{subsection.2.4}{\376\377\000C\000r\000e\000a\000t\000e\000\040\000a\000\040\000W\000o\000r\000k\000i\000n\000g\000\040\000D\000i\000r\000e\000c\000t\000o\000r\000y}{section.2}% 6
\BOOKMARK [1][-]{section.3}{\376\377\000L\000a\000u\000n\000c\000h\000i\000n\000g\000\040\000X\000s\000c\000h\000e\000m}{}% 7
\BOOKMARK [1][-]{section.4}{\376\377\000T\000h\000e\000\040\000X\000s\000c\000h\000e\000m\000\040\000I\000n\000t\000e\000r\000f\000a\000c\000e}{}% 8
\BOOKMARK [2][-]{subsection.4.1}{\376\377\000M\000o\000u\000s\000e\000\040\000B\000u\000t\000t\000o\000n\000s}{section.4}% 9
\BOOKMARK [2][-]{subsection.4.2}{\376\377\000E\000n\000t\000e\000r\000i\000n\000g\000\040\000C\000o\000m\000m\000a\000n\000d\000s}{section.4}% 10
\BOOKMARK [2][-]{subsection.4.3}{\376\377\000S\000e\000l\000e\000c\000t\000i\000o\000n\000\040\000a\000n\000d\000\040\000M\000o\000v\000e\000m\000e\000n\000t}{section.4}% 11
\BOOKMARK [1][-]{section.5}{\376\377\000E\000s\000s\000e\000n\000t\000i\000a\000l\000\040\000C\000o\000m\000m\000a\000n\000d\000\040\000R\000e\000f\000e\000r\000e\000n\000c\000e}{}% 12
\BOOKMARK [2][-]{subsection.5.1}{\376\377\000F\000i\000l\000e\000\040\000a\000n\000d\000\040\000V\000i\000e\000w\000\040\000C\000o\000m\000m\000a\000n\000d\000s}{section.5}% 13
\BOOKMARK [2][-]{subsection.5.2}{\376\377\000D\000r\000a\000w\000i\000n\000g\000\040\000a\000n\000d\000\040\000E\000d\000i\000t\000i\000n\000g}{section.5}% 14
\BOOKMARK [2][-]{subsection.5.3}{\376\377\000N\000e\000t\000l\000i\000s\000t\000\040\000a\000n\000d\000\040\000S\000i\000m\000u\000l\000a\000t\000i\000o\000n}{section.5}% 15
\BOOKMARK [1][-]{section.6}{\376\377\000g\000f\0001\0008\0000\000m\000c\000u\000D\000\040\000S\000y\000m\000b\000o\000l\000\040\000R\000e\000f\000e\000r\000e\000n\000c\000e}{}% 16
\BOOKMARK [1][-]{section.7}{\376\377\000P\000o\000r\000t\000s\000,\000\040\000L\000a\000b\000e\000l\000s\000,\000\040\000a\000n\000d\000\040\000H\000i\000e\000r\000a\000r\000c\000h\000y}{}% 17
\BOOKMARK [2][-]{subsection.7.1}{\376\377\000P\000o\000r\000t\000s\000\040\000v\000s\000.\000\040\000L\000a\000b\000e\000l\000s}{section.7}% 18
\BOOKMARK [2][-]{subsection.7.2}{\376\377\000N\000a\000m\000i\000n\000g\000\040\000C\000o\000n\000v\000e\000n\000t\000i\000o\000n\000s}{section.7}% 19
\BOOKMARK [2][-]{subsection.7.3}{\376\377\000C\000r\000e\000a\000t\000i\000n\000g\000\040\000a\000\040\000S\000y\000m\000b\000o\000l\000\040\000f\000r\000o\000m\000\040\000a\000\040\000S\000c\000h\000e\000m\000a\000t\000i\000c}{section.7}% 20
\BOOKMARK [2][-]{subsection.7.4}{\376\377\000D\000e\000s\000c\000e\000n\000d\000i\000n\000g\000\040\000a\000n\000d\000\040\000A\000s\000c\000e\000n\000d\000i\000n\000g\000\040\000t\000h\000e\000\040\000H\000i\000e\000r\000a\000r\000c\000h\000y}{section.7}% 21
\BOOKMARK [1][-]{section.8}{\376\377\000S\000t\000e\000p\000-\000b\000y\000-\000S\000t\000e\000p\000:\000\040\000C\000M\000O\000S\000\040\000I\000n\000v\000e\000r\000t\000e\000r\000\040\000S\000c\000h\000e\000m\000a\000t\000i\000c\000\040\000i\000n\000\040\000g\000f\0001\0008\0000\000m\000c\000u\000D}{}% 22
\BOOKMARK [2][-]{subsection.8.1}{\376\377\000T\000r\000a\000n\000s\000i\000s\000t\000o\000r\000\040\000S\000i\000z\000i\000n\000g}{section.8}% 23
\BOOKMARK [2][-]{subsection.8.2}{\376\377\000S\000t\000e\000p\000\040\0001\000\040\040\024\000\040\000L\000a\000u\000n\000c\000h\000\040\000X\000s\000c\000h\000e\000m\000\040\000a\000n\000d\000\040\000C\000r\000e\000a\000t\000e\000\040\000a\000\040\000N\000e\000w\000\040\000S\000c\000h\000e\000m\000a\000t\000i\000c}{section.8}% 24
\BOOKMARK [2][-]{subsection.8.3}{\376\377\000S\000t\000e\000p\000\040\0002\000\040\040\024\000\040\000P\000l\000a\000c\000e\000\040\000t\000h\000e\000\040\000n\000M\000O\000S\000\040\000T\000r\000a\000n\000s\000i\000s\000t\000o\000r}{section.8}% 25
\BOOKMARK [2][-]{subsection.8.4}{\376\377\000S\000t\000e\000p\000\040\0003\000\040\040\024\000\040\000P\000l\000a\000c\000e\000\040\000t\000h\000e\000\040\000p\000M\000O\000S\000\040\000T\000r\000a\000n\000s\000i\000s\000t\000o\000r}{section.8}% 26
\BOOKMARK [2][-]{subsection.8.5}{\376\377\000S\000t\000e\000p\000\040\0004\000\040\040\024\000\040\000P\000l\000a\000c\000e\000\040\000P\000o\000w\000e\000r\000,\000\040\000G\000r\000o\000u\000n\000d\000,\000\040\000a\000n\000d\000\040\000S\000u\000b\000s\000t\000r\000a\000t\000e\000\040\000C\000o\000n\000n\000e\000c\000t\000i\000o\000n\000s}{section.8}% 27
\BOOKMARK [2][-]{subsection.8.6}{\376\377\000S\000t\000e\000p\000\040\0005\000\040\040\024\000\040\000D\000r\000a\000w\000\040\000t\000h\000e\000\040\000W\000i\000r\000e\000s}{section.8}% 28
\BOOKMARK [2][-]{subsection.8.7}{\376\377\000S\000t\000e\000p\000\040\0006\000\040\040\024\000\040\000A\000d\000d\000\040\000P\000o\000r\000t\000\040\000S\000y\000m\000b\000o\000l\000s}{section.8}% 29
\BOOKMARK [2][-]{subsection.8.8}{\376\377\000S\000t\000e\000p\000\040\0007\000\040\040\024\000\040\000A\000d\000d\000\040\000L\000a\000b\000e\000l\000s\000\040\000f\000o\000r\000\040\000P\000o\000w\000e\000r\000\040\000a\000n\000d\000\040\000G\000r\000o\000u\000n\000d}{section.8}% 30
\BOOKMARK [2][-]{subsection.8.9}{\376\377\000S\000t\000e\000p\000\040\0008\000\040\040\024\000\040\000S\000a\000v\000e}{section.8}% 31
\BOOKMARK [2][-]{subsection.8.10}{\376\377\000S\000t\000e\000p\000\040\0009\000\040\040\024\000\040\000G\000e\000n\000e\000r\000a\000t\000e\000\040\000t\000h\000e\000\040\000S\000y\000m\000b\000o\000l}{section.8}% 32
\BOOKMARK [1][-]{section.9}{\376\377\000B\000u\000i\000l\000d\000i\000n\000g\000\040\000a\000\040\000T\000e\000s\000t\000b\000e\000n\000c\000h}{}% 33
\BOOKMARK [2][-]{subsection.9.1}{\376\377\000S\000t\000e\000p\000\040\0001\000\040\040\024\000\040\000N\000e\000w\000\040\000S\000c\000h\000e\000m\000a\000t\000i\000c}{section.9}% 34
\BOOKMARK [2][-]{subsection.9.2}{\376\377\000S\000t\000e\000p\000\040\0002\000\040\040\024\000\040\000I\000n\000s\000t\000a\000n\000t\000i\000a\000t\000e\000\040\000t\000h\000e\000\040\000I\000n\000v\000e\000r\000t\000e\000r}{section.9}% 35
\BOOKMARK [2][-]{subsection.9.3}{\376\377\000S\000t\000e\000p\000\040\0003\000\040\040\024\000\040\000A\000d\000d\000\040\000t\000h\000e\000\040\000S\000u\000p\000p\000l\000y}{section.9}% 36
\BOOKMARK [2][-]{subsection.9.4}{\376\377\000S\000t\000e\000p\000\040\0004\000\040\040\024\000\040\000A\000d\000d\000\040\000t\000h\000e\000\040\000I\000n\000p\000u\000t\000\040\000S\000t\000i\000m\000u\000l\000u\000s}{section.9}% 37
\BOOKMARK [2][-]{subsection.9.5}{\376\377\000S\000t\000e\000p\000\040\0005\000\040\040\024\000\040\000A\000d\000d\000\040\000S\000i\000m\000u\000l\000a\000t\000o\000r\000\040\000D\000i\000r\000e\000c\000t\000i\000v\000e\000s}{section.9}% 38
\BOOKMARK [2][-]{subsection.9.6}{\376\377\000S\000t\000e\000p\000\040\0006\000\040\040\024\000\040\000G\000e\000n\000e\000r\000a\000t\000e\000\040\000t\000h\000e\000\040\000N\000e\000t\000l\000i\000s\000t}{section.9}% 39
\BOOKMARK [2][-]{subsection.9.7}{\376\377\000S\000t\000e\000p\000\040\0007\000\040\040\024\000\040\000R\000u\000n\000\040\000t\000h\000e\000\040\000S\000i\000m\000u\000l\000a\000t\000i\000o\000n}{section.9}% 40
\BOOKMARK [1][-]{section.10}{\376\377\000N\000e\000t\000l\000i\000s\000t\000\040\000G\000e\000n\000e\000r\000a\000t\000i\000o\000n\000\040\000i\000n\000\040\000D\000e\000t\000a\000i\000l}{}% 41
\BOOKMARK [1][-]{section.11}{\376\377\000S\000i\000m\000u\000l\000a\000t\000i\000o\000n\000\040\000w\000i\000t\000h\000\040\000n\000g\000s\000p\000i\000c\000e}{}% 42
\BOOKMARK [2][-]{subsection.11.1}{\376\377\000C\000o\000m\000m\000o\000n\000\040\000A\000n\000a\000l\000y\000s\000e\000s}{section.11}% 43
\BOOKMARK [1][-]{section.12}{\376\377\000S\000c\000h\000e\000m\000a\000t\000i\000c\000\040\000v\000s\000.\000\040\000L\000a\000y\000o\000u\000t\000\040\000\050\000L\000V\000S\000\040\000W\000o\000r\000k\000f\000l\000o\000w\000\051}{}% 44
\BOOKMARK [1][-]{section.13}{\376\377\000T\000i\000p\000s\000\040\000a\000n\000d\000\040\000C\000o\000m\000m\000o\000n\000\040\000P\000i\000t\000f\000a\000l\000l\000s}{}% 45
\BOOKMARK [1][-]{section.14}{\376\377\000Q\000u\000i\000c\000k\000-\000R\000e\000f\000e\000r\000e\000n\000c\000e\000\040\000C\000h\000e\000a\000t\000\040\000S\000h\000e\000e\000t}{}% 46
\BOOKMARK [1][-]{lstnumber.-19.2}{\376\377\000A\000d\000d\000i\000t\000i\000o\000n\000a\000l\000\040\000R\000e\000s\000o\000u\000r\000c\000e\000s}{}% 47
